interactions:
- request:
    body: status=http%3A%2F%2Fexample.org%2F
    headers:
      Accept: ['*/*']
      Accept-Encoding: ['gzip, deflate']
      Authorization: [Bearer __MASTODON_PY_TEST_ACCESS_TOKEN]
      Connection: [keep-alive]
      Content-Length: ['34']
      Content-Type: [application/x-www-form-urlencoded]
      User-Agent: [python-requests/2.9.1]
    method: POST
    uri: http://localhost:3000/api/v1/statuses
  response:
    body: {string: '{"id":"99984773496239669","created_at":"2018-05-06T22:42:48.307Z","in_reply_to_id":null,"in_reply_to_account_id":null,"sensitive":false,"spoiler_text":"","visibility":"public","language":"ja","uri":"http://localhost:3000/users/mastodonpy_test/statuses/99984773496239669","content":"\u003cp\u003e\u003ca
        href=\"http://example.org/\" rel=\"nofollow noopener\" target=\"_blank\"\u003e\u003cspan
        class=\"invisible\"\u003ehttp://\u003c/span\u003e\u003cspan class=\"\"\u003eexample.org/\u003c/span\u003e\u003cspan
        class=\"invisible\"\u003e\u003c/span\u003e\u003c/a\u003e\u003c/p\u003e","url":"http://localhost:3000/@mastodonpy_test/99984773496239669","reblogs_count":0,"favourites_count":0,"favourited":false,"reblogged":false,"muted":false,"pinned":false,"reblog":null,"application":{"name":"Mastodon.py
        test suite","website":null},"account":{"id":"1234567890123456","username":"mastodonpy_test","acct":"mastodonpy_test","display_name":"John
        Lennon","locked":true,"created_at":"2018-05-07T00:38:05.405Z","note":"\u003cp\u003eI
        walk funny\u003c/p\u003e","url":"http://localhost:3000/@mastodonpy_test","avatar":"http://localhost:3000/system/accounts/avatars/123/456/789/012/345/original/mastodonpyupload_.jpeg","avatar_static":"http://localhost:3000/system/accounts/avatars/123/456/789/012/345/original/mastodonpyupload_.jpeg","header":"http://localhost:3000/system/accounts/headers/123/456/789/012/345/original/mastodonpyupload_.jpeg","header_static":"http://localhost:3000/system/accounts/headers/123/456/789/012/345/original/mastodonpyupload_.jpeg","followers_count":0,"following_count":1,"statuses_count":2},"media_attachments":[],"mentions":[],"tags":[],"emojis":[]}'}
    headers:
      Cache-Control: ['max-age=0, private, must-revalidate']
      Content-Type: [application/json; charset=utf-8]
      ETag: [W/"91f59c0c7bdb77fe5db9d8e7afbfe863"]
      Transfer-Encoding: [chunked]
      Vary: ['Accept-Encoding, Origin']
      X-Content-Type-Options: [nosniff]
      X-Frame-Options: [SAMEORIGIN]
      X-Request-Id: [ee847aeb-4d03-4776-99a7-5c96b13740d8]
      X-Runtime: ['0.432999']
      X-XSS-Protection: [1; mode=block]
      content-length: ['1664']
    status: {code: 200, message: OK}
- request:
    body: null
    headers:
      Accept: ['*/*']
      Accept-Encoding: ['gzip, deflate']
      Authorization: [Bearer __MASTODON_PY_TEST_ACCESS_TOKEN]
      Connection: [keep-alive]
      User-Agent: [python-requests/2.9.1]
    method: GET
    uri: http://localhost:3000/api/v1/statuses/99984773496239669/card
  response:
    body: {string: '{"url":"http://example.org/","title":"Example Domain","description":"","type":"link","author_name":"","author_url":"","provider_name":"","provider_url":"","html":"","width":0,"height":0,"image":null,"embed_url":""}'}
    headers:
      Cache-Control: ['max-age=0, private, must-revalidate']
      Content-Type: [application/json; charset=utf-8]
      ETag: [W/"94c31c523f9321f3bd153b941123f0e0"]
      Transfer-Encoding: [chunked]
      Vary: ['Accept-Encoding, Origin']
      X-Content-Type-Options: [nosniff]
      X-Frame-Options: [SAMEORIGIN]
      X-Request-Id: [eedbf6a3-9e5b-46c6-a76c-c8fe78069c33]
      X-Runtime: ['0.062066']
      X-XSS-Protection: [1; mode=block]
      content-length: ['214']
    status: {code: 200, message: OK}
- request:
    body: null
    headers:
      Accept: ['*/*']
      Accept-Encoding: ['gzip, deflate']
      Authorization: [Bearer __MASTODON_PY_TEST_ACCESS_TOKEN]
      Connection: [keep-alive]
      Content-Length: ['0']
      User-Agent: [python-requests/2.9.1]
    method: DELETE
    uri: http://localhost:3000/api/v1/statuses/99984773496239669
  response:
    body: {string: '{}'}
    headers:
      Cache-Control: ['max-age=0, private, must-revalidate']
      Content-Type: [application/json; charset=utf-8]
      ETag: [W/"0e4dea5bf4f42ac0f306000e8aeeb8a6"]
      Transfer-Encoding: [chunked]
      Vary: ['Accept-Encoding, Origin']
      X-Content-Type-Options: [nosniff]
      X-Frame-Options: [SAMEORIGIN]
      X-Request-Id: [a647f62a-0114-473f-99dd-b8d257f3d9c8]
      X-Runtime: ['0.069538']
      X-XSS-Protection: [1; mode=block]
      content-length: ['2']
    status: {code: 200, message: OK}
version: 1
