interactions:
- request:
    body: status=Toot%21
    headers:
      Accept: ['*/*']
      Accept-Encoding: ['gzip, deflate']
      Authorization: [Bearer __MASTODON_PY_TEST_ACCESS_TOKEN]
      Connection: [keep-alive]
      Content-Length: ['14']
      Content-Type: [application/x-www-form-urlencoded]
      User-Agent: [python-requests/2.9.1]
    method: POST
    uri: http://localhost:3000/api/v1/statuses
  response:
    body: {string: '{"id":"99882188112548322","created_at":"2018-04-18T19:53:59.544Z","in_reply_to_id":null,"in_reply_to_account_id":null,"sensitive":false,"spoiler_text":"","visibility":"public","language":"ja","uri":"http://localhost:3000/users/mastodonpy_test/statuses/99882188112548322","content":"\u003cp\u003eToot!\u003c/p\u003e","url":"http://localhost:3000/@mastodonpy_test/99882188112548322","reblogs_count":0,"favourites_count":0,"favourited":false,"reblogged":false,"muted":false,"pinned":false,"reblog":null,"application":{"name":"Mastodon.py
        test suite","website":null},"account":{"id":"1234567890123456","username":"mastodonpy_test","acct":"mastodonpy_test","display_name":"John
        Lennon","locked":true,"created_at":"2018-04-18T20:04:06.511Z","note":"\u003cp\u003eI
        walk funny\u003c/p\u003e","url":"http://localhost:3000/@mastodonpy_test","avatar":"http://localhost:3000/system/accounts/avatars/123/456/789/012/345/original/mastodonpyupload_.jpg","avatar_static":"http://localhost:3000/system/accounts/avatars/123/456/789/012/345/original/mastodonpyupload_.jpg","header":"http://localhost:3000/system/accounts/headers/123/456/789/012/345/original/mastodonpyupload_.jpg","header_static":"http://localhost:3000/system/accounts/headers/123/456/789/012/345/original/mastodonpyupload_.jpg","followers_count":0,"following_count":0,"statuses_count":22},"media_attachments":[],"mentions":[],"tags":[],"emojis":[]}'}
    headers:
      Cache-Control: ['max-age=0, private, must-revalidate']
      Content-Type: [application/json; charset=utf-8]
      ETag: [W/"fffb6f160649009ecf78ea4015f8f95c"]
      Transfer-Encoding: [chunked]
      Vary: ['Accept-Encoding, Origin']
      X-Content-Type-Options: [nosniff]
      X-Frame-Options: [SAMEORIGIN]
      X-Request-Id: [cc29c49a-1861-4a9c-bf59-04b61468ff53]
      X-Runtime: ['0.296320']
      X-XSS-Protection: [1; mode=block]
      content-length: ['1397']
    status: {code: 200, message: OK}
- request:
    body: null
    headers:
      Accept: ['*/*']
      Accept-Encoding: ['gzip, deflate']
      Authorization: [Bearer __MASTODON_PY_TEST_ACCESS_TOKEN]
      Connection: [keep-alive]
      Content-Length: ['0']
      User-Agent: [python-requests/2.9.1]
    method: DELETE
    uri: http://localhost:3000/api/v1/statuses/99882188112548322
  response:
    body: {string: '{}'}
    headers:
      Cache-Control: ['max-age=0, private, must-revalidate']
      Content-Type: [application/json; charset=utf-8]
      ETag: [W/"15bde66d67d91c06d9757815a2bb7ed4"]
      Transfer-Encoding: [chunked]
      Vary: ['Accept-Encoding, Origin']
      X-Content-Type-Options: [nosniff]
      X-Frame-Options: [SAMEORIGIN]
      X-Request-Id: [1cbad56d-6b30-45fa-af8e-77831b1f2c5a]
      X-Runtime: ['0.050144']
      X-XSS-Protection: [1; mode=block]
      content-length: ['2']
    status: {code: 200, message: OK}
- request:
    body: status=Toot%21
    headers:
      Accept: ['*/*']
      Accept-Encoding: ['gzip, deflate']
      Authorization: [Bearer __MASTODON_PY_TEST_ACCESS_TOKEN]
      Connection: [keep-alive]
      Content-Length: ['14']
      Content-Type: [application/x-www-form-urlencoded]
      User-Agent: [python-requests/2.9.1]
    method: POST
    uri: http://localhost:3000/api/v1/statuses
  response:
    body: {string: '{"id":"99882232547455557","created_at":"2018-04-18T20:05:17.585Z","in_reply_to_id":null,"in_reply_to_account_id":null,"sensitive":false,"spoiler_text":"","visibility":"public","language":"ja","uri":"http://localhost:3000/users/mastodonpy_test/statuses/99882232547455557","content":"\u003cp\u003eToot!\u003c/p\u003e","url":"http://localhost:3000/@mastodonpy_test/99882232547455557","reblogs_count":0,"favourites_count":0,"favourited":false,"reblogged":false,"muted":false,"pinned":false,"reblog":null,"application":{"name":"Mastodon.py
        test suite","website":null},"account":{"id":"1234567890123456","username":"mastodonpy_test","acct":"mastodonpy_test","display_name":"John
        Lennon","locked":true,"created_at":"2018-04-18T20:04:06.511Z","note":"\u003cp\u003eI
        walk funny\u003c/p\u003e","url":"http://localhost:3000/@mastodonpy_test","avatar":"http://localhost:3000/system/accounts/avatars/123/456/789/012/345/original/mastodonpyupload_.jpe","avatar_static":"http://localhost:3000/system/accounts/avatars/123/456/789/012/345/original/mastodonpyupload_.jpe","header":"http://localhost:3000/system/accounts/headers/123/456/789/012/345/original/mastodonpyupload_.jpe","header_static":"http://localhost:3000/system/accounts/headers/123/456/789/012/345/original/mastodonpyupload_.jpe","followers_count":0,"following_count":0,"statuses_count":22},"media_attachments":[],"mentions":[],"tags":[],"emojis":[]}'}
    headers:
      Cache-Control: ['max-age=0, private, must-revalidate']
      Content-Type: [application/json; charset=utf-8]
      ETag: [W/"97990b34f75f5da7d0a1e601a7bb0823"]
      Transfer-Encoding: [chunked]
      Vary: ['Accept-Encoding, Origin']
      X-Content-Type-Options: [nosniff]
      X-Frame-Options: [SAMEORIGIN]
      X-Request-Id: [145c60c3-fc43-4c78-ba30-98bf4608a6eb]
      X-Runtime: ['0.317426']
      X-XSS-Protection: [1; mode=block]
      content-length: ['1397']
    status: {code: 200, message: OK}
- request:
    body: null
    headers:
      Accept: ['*/*']
      Accept-Encoding: ['gzip, deflate']
      Authorization: [Bearer __MASTODON_PY_TEST_ACCESS_TOKEN]
      Connection: [keep-alive]
      Content-Length: ['0']
      User-Agent: [python-requests/2.9.1]
    method: DELETE
    uri: http://localhost:3000/api/v1/statuses/99882232547455557
  response:
    body: {string: '{}'}
    headers:
      Cache-Control: ['max-age=0, private, must-revalidate']
      Content-Type: [application/json; charset=utf-8]
      ETag: [W/"732a336fc6149f593fb37b18039e30cf"]
      Transfer-Encoding: [chunked]
      Vary: ['Accept-Encoding, Origin']
      X-Content-Type-Options: [nosniff]
      X-Frame-Options: [SAMEORIGIN]
      X-Request-Id: [1667dd93-20f4-4886-a94b-29e911300b17]
      X-Runtime: ['0.043989']
      X-XSS-Protection: [1; mode=block]
      content-length: ['2']
    status: {code: 200, message: OK}
version: 1
