interactions:
- request:
    body: status=http%3A%2F%2Fexample.org%2F
    headers:
      Accept: ['*/*']
      Accept-Encoding: ['gzip, deflate']
      Authorization: [Bearer __MASTODON_PY_TEST_ACCESS_TOKEN]
      Connection: [keep-alive]
      Content-Length: ['34']
      Content-Type: [application/x-www-form-urlencoded]
      User-Agent: [python-requests/2.9.1]
    method: POST
    uri: http://localhost:3000/api/v1/statuses
  response:
    body: {string: '{"id":"99979314393332835","created_at":"2018-05-05T23:34:28.961Z","in_reply_to_id":null,"in_reply_to_account_id":null,"sensitive":false,"spoiler_text":"","visibility":"public","language":"ja","uri":"http://localhost:3000/users/mastodonpy_test/statuses/99979314393332835","content":"\u003cp\u003e\u003ca
        href=\"http://example.org/\" rel=\"nofollow noopener\" target=\"_blank\"\u003e\u003cspan
        class=\"invisible\"\u003ehttp://\u003c/span\u003e\u003cspan class=\"\"\u003eexample.org/\u003c/span\u003e\u003cspan
        class=\"invisible\"\u003e\u003c/span\u003e\u003c/a\u003e\u003c/p\u003e","url":"http://localhost:3000/@mastodonpy_test/99979314393332835","reblogs_count":0,"favourites_count":0,"favourited":false,"reblogged":false,"muted":false,"pinned":false,"reblog":null,"application":{"name":"Mastodon.py
        test suite","website":null},"account":{"id":"1234567890123456","username":"mastodonpy_test","acct":"mastodonpy_test","display_name":"John
        Lennon","locked":true,"created_at":"2018-04-18T20:04:06.511Z","note":"\u003cp\u003eI
        walk funny\u003c/p\u003e","url":"http://localhost:3000/@mastodonpy_test","avatar":"http://localhost:3000/system/accounts/avatars/123/456/789/012/345/original/mastodonpyupload_.jpe","avatar_static":"http://localhost:3000/system/accounts/avatars/123/456/789/012/345/original/mastodonpyupload_.jpe","header":"http://localhost:3000/system/accounts/headers/123/456/789/012/345/original/mastodonpyupload_.jpe","header_static":"http://localhost:3000/system/accounts/headers/123/456/789/012/345/original/mastodonpyupload_.jpe","followers_count":0,"following_count":0,"statuses_count":126},"media_attachments":[],"mentions":[],"tags":[],"emojis":[]}'}
    headers:
      Cache-Control: ['max-age=0, private, must-revalidate']
      Content-Type: [application/json; charset=utf-8]
      ETag: [W/"9eabf976d9036c167325c4f02e8c53d9"]
      Transfer-Encoding: [chunked]
      Vary: ['Accept-Encoding, Origin']
      X-Content-Type-Options: [nosniff]
      X-Frame-Options: [SAMEORIGIN]
      X-Request-Id: [e56e1a05-8c00-4cfe-a2b9-92d40d2d04c2]
      X-Runtime: ['0.219044']
      X-XSS-Protection: [1; mode=block]
      content-length: ['1662']
    status: {code: 200, message: OK}
- request:
    body: null
    headers:
      Accept: ['*/*']
      Accept-Encoding: ['gzip, deflate']
      Authorization: [Bearer __MASTODON_PY_TEST_ACCESS_TOKEN]
      Connection: [keep-alive]
      User-Agent: [python-requests/2.9.1]
    method: GET
    uri: http://localhost:3000/api/v1/statuses/99979314393332835/card
  response:
    body: {string: '{"url":"http://example.org/","title":"Example Domain","description":"","type":"link","author_name":"","author_url":"","provider_name":"","provider_url":"","html":"","width":0,"height":0,"image":null,"embed_url":""}'}
    headers:
      Cache-Control: ['max-age=0, private, must-revalidate']
      Content-Type: [application/json; charset=utf-8]
      ETag: [W/"4f7368e0a66e823463714620923a890d"]
      Transfer-Encoding: [chunked]
      Vary: ['Accept-Encoding, Origin']
      X-Content-Type-Options: [nosniff]
      X-Frame-Options: [SAMEORIGIN]
      X-Request-Id: [0deed838-1c95-4458-9b1e-061c3f797dda]
      X-Runtime: ['0.067286']
      X-XSS-Protection: [1; mode=block]
      content-length: ['214']
    status: {code: 200, message: OK}
- request:
    body: null
    headers:
      Accept: ['*/*']
      Accept-Encoding: ['gzip, deflate']
      Authorization: [Bearer __MASTODON_PY_TEST_ACCESS_TOKEN]
      Connection: [keep-alive]
      Content-Length: ['0']
      User-Agent: [python-requests/2.9.1]
    method: DELETE
    uri: http://localhost:3000/api/v1/statuses/99979314393332835
  response:
    body: {string: '{}'}
    headers:
      Cache-Control: ['max-age=0, private, must-revalidate']
      Content-Type: [application/json; charset=utf-8]
      ETag: [W/"26794a6479efb449e5cffad071c16385"]
      Transfer-Encoding: [chunked]
      Vary: ['Accept-Encoding, Origin']
      X-Content-Type-Options: [nosniff]
      X-Frame-Options: [SAMEORIGIN]
      X-Request-Id: [0dc2da09-6c6c-4e85-a843-35eb1b8298bf]
      X-Runtime: ['0.024208']
      X-XSS-Protection: [1; mode=block]
      content-length: ['2']
    status: {code: 200, message: OK}
version: 1
